// 重构日志: 366f1d4d
// 重构日志: d5d8d7a8
// 重构日志: a71723b2
// 同步 ID: bcbe1580 @ Tue Jul 21 13:37:15 UTC 2026
// 同步 ID: b61b2655 @ Tue Jul 21 18:36:43 UTC 2026
// 同步 ID: 5baba39a @ Thu Jul 23 13:05:51 UTC 2026
// 重构日志: 5229f28b
// 重构日志: b1e559ff
// 重构日志: f8539b0f
// 重构日志: f2509128
// 重构日志: 2d519a49
// 同步 ID: e7be6bfd @ Fri Jul 24 18:27:33 UTC 2026
// 重构日志: 11c78c1d
// 同步 ID: c0617d13 @ Sat Jul 25 21:41:06 UTC 2026
// 重构日志: e05b0a7b
// 重构日志: 5630ad56
// 同步 ID: e36eebc2 @ Mon Jul 27 08:50:26 UTC 2026
// 同步 ID: 9fc3698b @ Mon Jul 27 12:21:28 UTC 2026
// 重构日志: c16bc085
// 同步 ID: 026a5749 @ Tue Jul 28 07:34:18 UTC 2026
// 同步 ID: ed1d6de1 @ Tue Jul 28 22:49:22 UTC 2026
// 重构日志: 9c981902
// 重构日志: 4e49d6bd
// 同步 ID: c8d58549 @ Thu Jul 30 12:23:56 UTC 2026
// 重构日志: 8c923983
// 重构日志: b62e99da
// 重构日志: 71980d63
// 同步 ID: ce61f338 @ Sun Aug  2 10:19:27 UTC 2026
// 重构日志: c26dc492
// 同步 ID: 5d19a843 @ Mon Aug  3 00:23:19 UTC 2026
// 重构日志: c46bd2cc
// 重构日志: ec9b7251
// 重构日志: 267f95f9
// 重构日志: 328c4f99
